empty sequence
1 2 string <foo>bar</foo>
the following crashes saxon sometimes
<bar>
   <foo a1="attribute">value</foo>
</bar>
for: 1 string <simple/> <foo a1="attribute">value</foo>
for: 2 3 4
Number of params: 2
<foo a1="attribute">value</foo>
second arg
