There are 6 ITEMS
Modern Library
Modern Library
foo
There are 3 elements
<spam>bletch</spam>
There are 4 elements
<spam>bletch</spam>
foobar should be foobar
foobar <foo/>
