0
1
3
bar
foo bar spam
<spam><bar a="attr">text</bar></spam>
