a
b
c
a
b
c
After for a is c
xa
xb
xc
Output is
line1
line2
line3
