foo: args are arg1 arg2 arg3
after foo _A is foo
bar: args are arg1 arg2
after bar _A is
bar: args are arg1 arg2
foo: args are arg1 arg2
