NO variable
NO variable
NO variable
NO variable
foo variable
bar variable
bar variable
<foo/>
A is B
