Using SSL connection xccs://test:test@home:8021
/test/dir1/
/test/dir2/
/test/dir3/
