<elem name="b">data b</elem>
Success fn:true
Success fn:false
