Created 2 files
/test/test1.xml
/test/test2.xml
after deleting
