xml
xml/1
xml/1/1.xml
xml/1/10.xml
xml/1/100.xml
xml/1/11.xml
xml/1/12.xml
xml/1/13.xml
xml/1/14.xml
xml/1/15.xml
xml/1/16.xml
xml/1/17.xml
xml/1/18.xml
xml/1/19.xml
xml/1/2.xml
xml/1/20.xml
xml/1/21.xml
xml/1/22.xml
xml/1/23.xml
xml/1/24.xml
xml/1/25.xml
xml/1/26.xml
xml/1/27.xml
xml/1/28.xml
xml/1/29.xml
xml/1/3.xml
xml/1/30.xml
xml/1/31.xml
xml/1/32.xml
xml/1/33.xml
xml/1/34.xml
xml/1/35.xml
xml/1/36.xml
xml/1/37.xml
xml/1/38.xml
xml/1/39.xml
xml/1/4.xml
xml/1/40.xml
xml/1/41.xml
xml/1/42.xml
xml/1/43.xml
xml/1/44.xml
xml/1/45.xml
xml/1/46.xml
xml/1/47.xml
xml/1/48.xml
xml/1/49.xml
xml/1/5.xml
xml/1/50.xml
xml/1/51.xml
xml/1/52.xml
xml/1/53.xml
xml/1/54.xml
xml/1/55.xml
xml/1/56.xml
xml/1/57.xml
xml/1/58.xml
xml/1/59.xml
xml/1/6.xml
xml/1/60.xml
xml/1/61.xml
xml/1/62.xml
xml/1/63.xml
xml/1/64.xml
xml/1/65.xml
xml/1/66.xml
xml/1/67.xml
xml/1/68.xml
xml/1/69.xml
xml/1/7.xml
xml/1/70.xml
xml/1/71.xml
xml/1/72.xml
xml/1/73.xml
xml/1/74.xml
xml/1/75.xml
xml/1/76.xml
xml/1/77.xml
xml/1/78.xml
xml/1/79.xml
xml/1/8.xml
xml/1/80.xml
xml/1/81.xml
xml/1/82.xml
xml/1/83.xml
xml/1/84.xml
xml/1/85.xml
xml/1/86.xml
xml/1/87.xml
xml/1/88.xml
xml/1/89.xml
xml/1/9.xml
xml/1/90.xml
xml/1/91.xml
xml/1/92.xml
xml/1/93.xml
xml/1/94.xml
xml/1/95.xml
xml/1/96.xml
xml/1/97.xml
xml/1/98.xml
xml/1/99.xml
xml/10
xml/10/1.xml
xml/10/10.xml
xml/10/100.xml
xml/10/11.xml
xml/10/12.xml
xml/10/13.xml
xml/10/14.xml
xml/10/15.xml
xml/10/16.xml
xml/10/17.xml
xml/10/18.xml
xml/10/19.xml
xml/10/2.xml
xml/10/20.xml
xml/10/21.xml
xml/10/22.xml
xml/10/23.xml
xml/10/24.xml
xml/10/25.xml
xml/10/26.xml
xml/10/27.xml
xml/10/28.xml
xml/10/29.xml
xml/10/3.xml
xml/10/30.xml
xml/10/31.xml
xml/10/32.xml
xml/10/33.xml
xml/10/34.xml
xml/10/35.xml
xml/10/36.xml
xml/10/37.xml
xml/10/38.xml
xml/10/39.xml
xml/10/4.xml
xml/10/40.xml
xml/10/41.xml
xml/10/42.xml
xml/10/43.xml
xml/10/44.xml
xml/10/45.xml
xml/10/46.xml
xml/10/47.xml
xml/10/48.xml
xml/10/49.xml
xml/10/5.xml
xml/10/50.xml
xml/10/51.xml
xml/10/52.xml
xml/10/53.xml
xml/10/54.xml
xml/10/55.xml
xml/10/56.xml
xml/10/57.xml
xml/10/58.xml
xml/10/59.xml
xml/10/6.xml
xml/10/60.xml
xml/10/61.xml
xml/10/62.xml
xml/10/63.xml
xml/10/64.xml
xml/10/65.xml
xml/10/66.xml
xml/10/67.xml
xml/10/68.xml
xml/10/69.xml
xml/10/7.xml
xml/10/70.xml
xml/10/71.xml
xml/10/72.xml
xml/10/73.xml
xml/10/74.xml
xml/10/75.xml
xml/10/76.xml
xml/10/77.xml
xml/10/78.xml
xml/10/79.xml
xml/10/8.xml
xml/10/80.xml
xml/10/81.xml
xml/10/82.xml
xml/10/83.xml
xml/10/84.xml
xml/10/85.xml
xml/10/86.xml
xml/10/87.xml
xml/10/88.xml
xml/10/89.xml
xml/10/9.xml
xml/10/90.xml
xml/10/91.xml
xml/10/92.xml
xml/10/93.xml
xml/10/94.xml
xml/10/95.xml
xml/10/96.xml
xml/10/97.xml
xml/10/98.xml
xml/10/99.xml
xml/2
xml/2/1.xml
xml/2/10.xml
xml/2/100.xml
xml/2/11.xml
xml/2/12.xml
xml/2/13.xml
xml/2/14.xml
xml/2/15.xml
xml/2/16.xml
xml/2/17.xml
xml/2/18.xml
xml/2/19.xml
xml/2/2.xml
xml/2/20.xml
xml/2/21.xml
xml/2/22.xml
xml/2/23.xml
xml/2/24.xml
xml/2/25.xml
xml/2/26.xml
xml/2/27.xml
xml/2/28.xml
xml/2/29.xml
xml/2/3.xml
xml/2/30.xml
xml/2/31.xml
xml/2/32.xml
xml/2/33.xml
xml/2/34.xml
xml/2/35.xml
xml/2/36.xml
xml/2/37.xml
xml/2/38.xml
xml/2/39.xml
xml/2/4.xml
xml/2/40.xml
xml/2/41.xml
xml/2/42.xml
xml/2/43.xml
xml/2/44.xml
xml/2/45.xml
xml/2/46.xml
xml/2/47.xml
xml/2/48.xml
xml/2/49.xml
xml/2/5.xml
xml/2/50.xml
xml/2/51.xml
xml/2/52.xml
xml/2/53.xml
xml/2/54.xml
xml/2/55.xml
xml/2/56.xml
xml/2/57.xml
xml/2/58.xml
xml/2/59.xml
xml/2/6.xml
xml/2/60.xml
xml/2/61.xml
xml/2/62.xml
xml/2/63.xml
xml/2/64.xml
xml/2/65.xml
xml/2/66.xml
xml/2/67.xml
xml/2/68.xml
xml/2/69.xml
xml/2/7.xml
xml/2/70.xml
xml/2/71.xml
xml/2/72.xml
xml/2/73.xml
xml/2/74.xml
xml/2/75.xml
xml/2/76.xml
xml/2/77.xml
xml/2/78.xml
xml/2/79.xml
xml/2/8.xml
xml/2/80.xml
xml/2/81.xml
xml/2/82.xml
xml/2/83.xml
xml/2/84.xml
xml/2/85.xml
xml/2/86.xml
xml/2/87.xml
xml/2/88.xml
xml/2/89.xml
xml/2/9.xml
xml/2/90.xml
xml/2/91.xml
xml/2/92.xml
xml/2/93.xml
xml/2/94.xml
xml/2/95.xml
xml/2/96.xml
xml/2/97.xml
xml/2/98.xml
xml/2/99.xml
xml/3
xml/3/1.xml
xml/3/10.xml
xml/3/100.xml
xml/3/11.xml
xml/3/12.xml
xml/3/13.xml
xml/3/14.xml
xml/3/15.xml
xml/3/16.xml
xml/3/17.xml
xml/3/18.xml
xml/3/19.xml
xml/3/2.xml
xml/3/20.xml
xml/3/21.xml
xml/3/22.xml
xml/3/23.xml
xml/3/24.xml
xml/3/25.xml
xml/3/26.xml
xml/3/27.xml
xml/3/28.xml
xml/3/29.xml
xml/3/3.xml
xml/3/30.xml
xml/3/31.xml
xml/3/32.xml
xml/3/33.xml
xml/3/34.xml
xml/3/35.xml
xml/3/36.xml
xml/3/37.xml
xml/3/38.xml
xml/3/39.xml
xml/3/4.xml
xml/3/40.xml
xml/3/41.xml
xml/3/42.xml
xml/3/43.xml
xml/3/44.xml
xml/3/45.xml
xml/3/46.xml
xml/3/47.xml
xml/3/48.xml
xml/3/49.xml
xml/3/5.xml
xml/3/50.xml
xml/3/51.xml
xml/3/52.xml
xml/3/53.xml
xml/3/54.xml
xml/3/55.xml
xml/3/56.xml
xml/3/57.xml
xml/3/58.xml
xml/3/59.xml
xml/3/6.xml
xml/3/60.xml
xml/3/61.xml
xml/3/62.xml
xml/3/63.xml
xml/3/64.xml
xml/3/65.xml
xml/3/66.xml
xml/3/67.xml
xml/3/68.xml
xml/3/69.xml
xml/3/7.xml
xml/3/70.xml
xml/3/71.xml
xml/3/72.xml
xml/3/73.xml
xml/3/74.xml
xml/3/75.xml
xml/3/76.xml
xml/3/77.xml
xml/3/78.xml
xml/3/79.xml
xml/3/8.xml
xml/3/80.xml
xml/3/81.xml
xml/3/82.xml
xml/3/83.xml
xml/3/84.xml
xml/3/85.xml
xml/3/86.xml
xml/3/87.xml
xml/3/88.xml
xml/3/89.xml
xml/3/9.xml
xml/3/90.xml
xml/3/91.xml
xml/3/92.xml
xml/3/93.xml
xml/3/94.xml
xml/3/95.xml
xml/3/96.xml
xml/3/97.xml
xml/3/98.xml
xml/3/99.xml
xml/4
xml/4/1.xml
xml/4/10.xml
xml/4/100.xml
xml/4/11.xml
xml/4/12.xml
xml/4/13.xml
xml/4/14.xml
xml/4/15.xml
xml/4/16.xml
xml/4/17.xml
xml/4/18.xml
xml/4/19.xml
xml/4/2.xml
xml/4/20.xml
xml/4/21.xml
xml/4/22.xml
xml/4/23.xml
xml/4/24.xml
xml/4/25.xml
xml/4/26.xml
xml/4/27.xml
xml/4/28.xml
xml/4/29.xml
xml/4/3.xml
xml/4/30.xml
xml/4/31.xml
xml/4/32.xml
xml/4/33.xml
xml/4/34.xml
xml/4/35.xml
xml/4/36.xml
xml/4/37.xml
xml/4/38.xml
xml/4/39.xml
xml/4/4.xml
xml/4/40.xml
xml/4/41.xml
xml/4/42.xml
xml/4/43.xml
xml/4/44.xml
xml/4/45.xml
xml/4/46.xml
xml/4/47.xml
xml/4/48.xml
xml/4/49.xml
xml/4/5.xml
xml/4/50.xml
xml/4/51.xml
xml/4/52.xml
xml/4/53.xml
xml/4/54.xml
xml/4/55.xml
xml/4/56.xml
xml/4/57.xml
xml/4/58.xml
xml/4/59.xml
xml/4/6.xml
xml/4/60.xml
xml/4/61.xml
xml/4/62.xml
xml/4/63.xml
xml/4/64.xml
xml/4/65.xml
xml/4/66.xml
xml/4/67.xml
xml/4/68.xml
xml/4/69.xml
xml/4/7.xml
xml/4/70.xml
xml/4/71.xml
xml/4/72.xml
xml/4/73.xml
xml/4/74.xml
xml/4/75.xml
xml/4/76.xml
xml/4/77.xml
xml/4/78.xml
xml/4/79.xml
xml/4/8.xml
xml/4/80.xml
xml/4/81.xml
xml/4/82.xml
xml/4/83.xml
xml/4/84.xml
xml/4/85.xml
xml/4/86.xml
xml/4/87.xml
xml/4/88.xml
xml/4/89.xml
xml/4/9.xml
xml/4/90.xml
xml/4/91.xml
xml/4/92.xml
xml/4/93.xml
xml/4/94.xml
xml/4/95.xml
xml/4/96.xml
xml/4/97.xml
xml/4/98.xml
xml/4/99.xml
xml/5
xml/5/1.xml
xml/5/10.xml
xml/5/100.xml
xml/5/11.xml
xml/5/12.xml
xml/5/13.xml
xml/5/14.xml
xml/5/15.xml
xml/5/16.xml
xml/5/17.xml
xml/5/18.xml
xml/5/19.xml
xml/5/2.xml
xml/5/20.xml
xml/5/21.xml
xml/5/22.xml
xml/5/23.xml
xml/5/24.xml
xml/5/25.xml
xml/5/26.xml
xml/5/27.xml
xml/5/28.xml
xml/5/29.xml
xml/5/3.xml
xml/5/30.xml
xml/5/31.xml
xml/5/32.xml
xml/5/33.xml
xml/5/34.xml
xml/5/35.xml
xml/5/36.xml
xml/5/37.xml
xml/5/38.xml
xml/5/39.xml
xml/5/4.xml
xml/5/40.xml
xml/5/41.xml
xml/5/42.xml
xml/5/43.xml
xml/5/44.xml
xml/5/45.xml
xml/5/46.xml
xml/5/47.xml
xml/5/48.xml
xml/5/49.xml
xml/5/5.xml
xml/5/50.xml
xml/5/51.xml
xml/5/52.xml
xml/5/53.xml
xml/5/54.xml
xml/5/55.xml
xml/5/56.xml
xml/5/57.xml
xml/5/58.xml
xml/5/59.xml
xml/5/6.xml
xml/5/60.xml
xml/5/61.xml
xml/5/62.xml
xml/5/63.xml
xml/5/64.xml
xml/5/65.xml
xml/5/66.xml
xml/5/67.xml
xml/5/68.xml
xml/5/69.xml
xml/5/7.xml
xml/5/70.xml
xml/5/71.xml
xml/5/72.xml
xml/5/73.xml
xml/5/74.xml
xml/5/75.xml
xml/5/76.xml
xml/5/77.xml
xml/5/78.xml
xml/5/79.xml
xml/5/8.xml
xml/5/80.xml
xml/5/81.xml
xml/5/82.xml
xml/5/83.xml
xml/5/84.xml
xml/5/85.xml
xml/5/86.xml
xml/5/87.xml
xml/5/88.xml
xml/5/89.xml
xml/5/9.xml
xml/5/90.xml
xml/5/91.xml
xml/5/92.xml
xml/5/93.xml
xml/5/94.xml
xml/5/95.xml
xml/5/96.xml
xml/5/97.xml
xml/5/98.xml
xml/5/99.xml
xml/6
xml/6/1.xml
xml/6/10.xml
xml/6/100.xml
xml/6/11.xml
xml/6/12.xml
xml/6/13.xml
xml/6/14.xml
xml/6/15.xml
xml/6/16.xml
xml/6/17.xml
xml/6/18.xml
xml/6/19.xml
xml/6/2.xml
xml/6/20.xml
xml/6/21.xml
xml/6/22.xml
xml/6/23.xml
xml/6/24.xml
xml/6/25.xml
xml/6/26.xml
xml/6/27.xml
xml/6/28.xml
xml/6/29.xml
xml/6/3.xml
xml/6/30.xml
xml/6/31.xml
xml/6/32.xml
xml/6/33.xml
xml/6/34.xml
xml/6/35.xml
xml/6/36.xml
xml/6/37.xml
xml/6/38.xml
xml/6/39.xml
xml/6/4.xml
xml/6/40.xml
xml/6/41.xml
xml/6/42.xml
xml/6/43.xml
xml/6/44.xml
xml/6/45.xml
xml/6/46.xml
xml/6/47.xml
xml/6/48.xml
xml/6/49.xml
xml/6/5.xml
xml/6/50.xml
xml/6/51.xml
xml/6/52.xml
xml/6/53.xml
xml/6/54.xml
xml/6/55.xml
xml/6/56.xml
xml/6/57.xml
xml/6/58.xml
xml/6/59.xml
xml/6/6.xml
xml/6/60.xml
xml/6/61.xml
xml/6/62.xml
xml/6/63.xml
xml/6/64.xml
xml/6/65.xml
xml/6/66.xml
xml/6/67.xml
xml/6/68.xml
xml/6/69.xml
xml/6/7.xml
xml/6/70.xml
xml/6/71.xml
xml/6/72.xml
xml/6/73.xml
xml/6/74.xml
xml/6/75.xml
xml/6/76.xml
xml/6/77.xml
xml/6/78.xml
xml/6/79.xml
xml/6/8.xml
xml/6/80.xml
xml/6/81.xml
xml/6/82.xml
xml/6/83.xml
xml/6/84.xml
xml/6/85.xml
xml/6/86.xml
xml/6/87.xml
xml/6/88.xml
xml/6/89.xml
xml/6/9.xml
xml/6/90.xml
xml/6/91.xml
xml/6/92.xml
xml/6/93.xml
xml/6/94.xml
xml/6/95.xml
xml/6/96.xml
xml/6/97.xml
xml/6/98.xml
xml/6/99.xml
xml/7
xml/7/1.xml
xml/7/10.xml
xml/7/100.xml
xml/7/11.xml
xml/7/12.xml
xml/7/13.xml
xml/7/14.xml
xml/7/15.xml
xml/7/16.xml
xml/7/17.xml
xml/7/18.xml
xml/7/19.xml
xml/7/2.xml
xml/7/20.xml
xml/7/21.xml
xml/7/22.xml
xml/7/23.xml
xml/7/24.xml
xml/7/25.xml
xml/7/26.xml
xml/7/27.xml
xml/7/28.xml
xml/7/29.xml
xml/7/3.xml
xml/7/30.xml
xml/7/31.xml
xml/7/32.xml
xml/7/33.xml
xml/7/34.xml
xml/7/35.xml
xml/7/36.xml
xml/7/37.xml
xml/7/38.xml
xml/7/39.xml
xml/7/4.xml
xml/7/40.xml
xml/7/41.xml
xml/7/42.xml
xml/7/43.xml
xml/7/44.xml
xml/7/45.xml
xml/7/46.xml
xml/7/47.xml
xml/7/48.xml
xml/7/49.xml
xml/7/5.xml
xml/7/50.xml
xml/7/51.xml
xml/7/52.xml
xml/7/53.xml
xml/7/54.xml
xml/7/55.xml
xml/7/56.xml
xml/7/57.xml
xml/7/58.xml
xml/7/59.xml
xml/7/6.xml
xml/7/60.xml
xml/7/61.xml
xml/7/62.xml
xml/7/63.xml
xml/7/64.xml
xml/7/65.xml
xml/7/66.xml
xml/7/67.xml
xml/7/68.xml
xml/7/69.xml
xml/7/7.xml
xml/7/70.xml
xml/7/71.xml
xml/7/72.xml
xml/7/73.xml
xml/7/74.xml
xml/7/75.xml
xml/7/76.xml
xml/7/77.xml
xml/7/78.xml
xml/7/79.xml
xml/7/8.xml
xml/7/80.xml
xml/7/81.xml
xml/7/82.xml
xml/7/83.xml
xml/7/84.xml
xml/7/85.xml
xml/7/86.xml
xml/7/87.xml
xml/7/88.xml
xml/7/89.xml
xml/7/9.xml
xml/7/90.xml
xml/7/91.xml
xml/7/92.xml
xml/7/93.xml
xml/7/94.xml
xml/7/95.xml
xml/7/96.xml
xml/7/97.xml
xml/7/98.xml
xml/7/99.xml
xml/8
xml/8/1.xml
xml/8/10.xml
xml/8/100.xml
xml/8/11.xml
xml/8/12.xml
xml/8/13.xml
xml/8/14.xml
xml/8/15.xml
xml/8/16.xml
xml/8/17.xml
xml/8/18.xml
xml/8/19.xml
xml/8/2.xml
xml/8/20.xml
xml/8/21.xml
xml/8/22.xml
xml/8/23.xml
xml/8/24.xml
xml/8/25.xml
xml/8/26.xml
xml/8/27.xml
xml/8/28.xml
xml/8/29.xml
xml/8/3.xml
xml/8/30.xml
xml/8/31.xml
xml/8/32.xml
xml/8/33.xml
xml/8/34.xml
xml/8/35.xml
xml/8/36.xml
xml/8/37.xml
xml/8/38.xml
xml/8/39.xml
xml/8/4.xml
xml/8/40.xml
xml/8/41.xml
xml/8/42.xml
xml/8/43.xml
xml/8/44.xml
xml/8/45.xml
xml/8/46.xml
xml/8/47.xml
xml/8/48.xml
xml/8/49.xml
xml/8/5.xml
xml/8/50.xml
xml/8/51.xml
xml/8/52.xml
xml/8/53.xml
xml/8/54.xml
xml/8/55.xml
xml/8/56.xml
xml/8/57.xml
xml/8/58.xml
xml/8/59.xml
xml/8/6.xml
xml/8/60.xml
xml/8/61.xml
xml/8/62.xml
xml/8/63.xml
xml/8/64.xml
xml/8/65.xml
xml/8/66.xml
xml/8/67.xml
xml/8/68.xml
xml/8/69.xml
xml/8/7.xml
xml/8/70.xml
xml/8/71.xml
xml/8/72.xml
xml/8/73.xml
xml/8/74.xml
xml/8/75.xml
xml/8/76.xml
xml/8/77.xml
xml/8/78.xml
xml/8/79.xml
xml/8/8.xml
xml/8/80.xml
xml/8/81.xml
xml/8/82.xml
xml/8/83.xml
xml/8/84.xml
xml/8/85.xml
xml/8/86.xml
xml/8/87.xml
xml/8/88.xml
xml/8/89.xml
xml/8/9.xml
xml/8/90.xml
xml/8/91.xml
xml/8/92.xml
xml/8/93.xml
xml/8/94.xml
xml/8/95.xml
xml/8/96.xml
xml/8/97.xml
xml/8/98.xml
xml/8/99.xml
xml/9
xml/9/1.xml
xml/9/10.xml
xml/9/100.xml
xml/9/11.xml
xml/9/12.xml
xml/9/13.xml
xml/9/14.xml
xml/9/15.xml
xml/9/16.xml
xml/9/17.xml
xml/9/18.xml
xml/9/19.xml
xml/9/2.xml
xml/9/20.xml
xml/9/21.xml
xml/9/22.xml
xml/9/23.xml
xml/9/24.xml
xml/9/25.xml
xml/9/26.xml
xml/9/27.xml
xml/9/28.xml
xml/9/29.xml
xml/9/3.xml
xml/9/30.xml
xml/9/31.xml
xml/9/32.xml
xml/9/33.xml
xml/9/34.xml
xml/9/35.xml
xml/9/36.xml
xml/9/37.xml
xml/9/38.xml
xml/9/39.xml
xml/9/4.xml
xml/9/40.xml
xml/9/41.xml
xml/9/42.xml
xml/9/43.xml
xml/9/44.xml
xml/9/45.xml
xml/9/46.xml
xml/9/47.xml
xml/9/48.xml
xml/9/49.xml
xml/9/5.xml
xml/9/50.xml
xml/9/51.xml
xml/9/52.xml
xml/9/53.xml
xml/9/54.xml
xml/9/55.xml
xml/9/56.xml
xml/9/57.xml
xml/9/58.xml
xml/9/59.xml
xml/9/6.xml
xml/9/60.xml
xml/9/61.xml
xml/9/62.xml
xml/9/63.xml
xml/9/64.xml
xml/9/65.xml
xml/9/66.xml
xml/9/67.xml
xml/9/68.xml
xml/9/69.xml
xml/9/7.xml
xml/9/70.xml
xml/9/71.xml
xml/9/72.xml
xml/9/73.xml
xml/9/74.xml
xml/9/75.xml
xml/9/76.xml
xml/9/77.xml
xml/9/78.xml
xml/9/79.xml
xml/9/8.xml
xml/9/80.xml
xml/9/81.xml
xml/9/82.xml
xml/9/83.xml
xml/9/84.xml
xml/9/85.xml
xml/9/86.xml
xml/9/87.xml
xml/9/88.xml
xml/9/89.xml
xml/9/9.xml
xml/9/90.xml
xml/9/91.xml
xml/9/92.xml
xml/9/93.xml
xml/9/94.xml
xml/9/95.xml
xml/9/96.xml
xml/9/97.xml
xml/9/98.xml
xml/9/99.xml
