1.xml
10.xml
2.xml
3.xml
4.xml
5.xml
6.xml
7.xml
8.xml
9.xml
