test.xml

<elem/>Successfully deleted test file /db/_test/test.xml
Successfully deleted test directory /db/_test
