Test of Args
args are arg1 arg2 arg3
Test of setvar
_A is ABC
Test of subpipe
<foo>bar</foo>