top level invocation of builtin_source.xsh
sourced invocation of builtin_source.xsh
_SOURCE is _SOURCE
