<xwhich>
  <command name="echo" type="builtin" module="org.xmlsh.builtin"/>
</xwhich>
<xwhich>
  <command name="xfile" type="internal" module="org.xmlsh.commands"/>
</xwhich>
<xwhich>
  <command name="foo" type="function"/>
</xwhich>
xwhich is builtin_xwhich.xsh
rm is rm
