environment is
<variable name="A" type="string"/>
<variable name="B" type="xml"/>
