<root><foo a="attr">bar</foo><bletch/></root>
Success replace attribute
Success add element
Success delete element
