Hello Word
<xmd5>
   <file name="binary.dat" md5="8f8f69e1ce8730ac3fb070fdd9336619" length="5831049"/>
</xmd5>
<xmd5>
   <file name="b2.dat" md5="8f8f69e1ce8730ac3fb070fdd9336619" length="5831049"/>
</xmd5>
