TestTypes()
TestTypes(String)
TestTypes(Object)
TestTypes(Integer)
TestTypes(Integer,String)
TestTypes(Long,String)
null
String
java.lang.String
