1
1
java.lang.Long
java.math.BigDecimal
java.lang.String
null
